// Jest Snapshot v1, https://goo.gl/fbAQLP

exports[`EditGroupChat should render list of contacts for user to invite matches snapshot 1`] = `<DocumentFragment />`;
