// Jest Snapshot v1, https://goo.gl/fbAQLP

exports[`Contact should render username matches snapshot 1`] = `<DocumentFragment />`;
