// Jest Snapshot v1, https://goo.gl/fbAQLP

exports[`Renders list of contacts matches snapshot 1`] = `<DocumentFragment />`;
