// Jest Snapshot v1, https://goo.gl/fbAQLP

exports[`BlockedUser should render blocked user's username and button to unblock matches snapshot 1`] = `<DocumentFragment />`;
