// Jest Snapshot v1, https://goo.gl/fbAQLP

exports[`GroupChatCard should render basic group chat info matches snapshot 1`] = `<DocumentFragment />`;
