// Jest Snapshot v1, https://goo.gl/fbAQLP

exports[`homepage should render matches snapshot 1`] = `<DocumentFragment />`;
