// Jest Snapshot v1, https://goo.gl/fbAQLP

exports[`Message should display text and timestamp of when the message was created matches snapshot 1`] = `<DocumentFragment />`;
