// Jest Snapshot v1, https://goo.gl/fbAQLP

exports[`Nav should render logged in version matches snapshot 1`] = `<DocumentFragment />`;
