// Jest Snapshot v1, https://goo.gl/fbAQLP

exports[`Popup should render content and button matches snapshot 1`] = `<DocumentFragment />`;
