// Jest Snapshot v1, https://goo.gl/fbAQLP

exports[`Profile should render username and block list matches snapshot 1`] = `<DocumentFragment />`;
