// Jest Snapshot v1, https://goo.gl/fbAQLP

exports[`AddContactForm should render form for user to add contacts matches snapshot 1`] = `<DocumentFragment />`;
