// Jest Snapshot v1, https://goo.gl/fbAQLP

exports[`CreateGroupChatForm should render form for user to create group chats matches snapshot 1`] = `<DocumentFragment />`;
