// Jest Snapshot v1, https://goo.gl/fbAQLP

exports[`LoginForm should render form for user to log in matches snapshot 1`] = `<DocumentFragment />`;
